// Vitest Snapshot v1, https://vitest.dev/guide/snapshot.html

exports[`App component > renders magnificent monkeys 1`] = `
<div>
  <div
    style="text-align: center; margin-top: 50px;"
  >
    <h1>
      test
    </h1>
    <h1>
      Hello, World!
    </h1>
     
    <button
      style="padding: 10px 20px; font-size: 16px; background-color: rgb(76, 175, 80); color: white; border-radius: 5px; cursor: pointer;"
    >
      Click Me!
    </button>
    <button
      type="button"
    >
      Click Me
    </button>
    <h1>
      Magnificent Monkeys
    </h1>
  </div>
</div>
`;
